12:58:50 **** Incremental Build of configuration x86_64-debug for project I1_Node ****
make -j16 all 
qcc -Vgcc_ntox86_64 -c -Wp,-MMD,build/x86_64-debug/src/I1_Node.d,-MT,build/x86_64-debug/src/I1_Node.o -o build/x86_64-debug/src/I1_Node.o  -Wall -fmessage-length=0 -g -O0 -fno-builtin  src/I1_Node.c
src/I1_Node.c: In function 'check_car':
src/I1_Node.c:119:12: warning: return makes pointer from integer without a cast [-Wint-conversion]
     return -1;
            ^
src/I1_Node.c: In function 'check_pedes':
src/I1_Node.c:179:12: warning: return makes pointer from integer without a cast [-Wint-conversion]
     return -1;
            ^
src/I1_Node.c: In function 'initialise_timer':
src/I1_Node.c:236:12: warning: passing argument 1 of 'printf' from incompatible pointer type [-Wincompatible-pointer-types]
     printf(stderr, "%s:  couldn't ConnectAttach to self!\n", program_name);
            ^
In file included from src/I1_Node.c:1:0:
/home/minh/qnx700/target/qnx7/usr/include/stdio.h:176:12: note: expected 'const char *' but argument is of type 'FILE * {aka struct _Filet *}'
 extern int printf(const char *__format, ...);
            ^
src/I1_Node.c:247:12: warning: passing argument 1 of 'printf' from incompatible pointer type [-Wincompatible-pointer-types]
     printf(stderr, "%s:  couldn't create a timer, errno %d\n", program_name, errno);
            ^
In file included from src/I1_Node.c:1:0:
/home/minh/qnx700/target/qnx7/usr/include/stdio.h:176:12: note: expected 'const char *' but argument is of type 'FILE * {aka struct _Filet *}'
 extern int printf(const char *__format, ...);
            ^
qcc -Vgcc_ntox86_64 -o build/x86_64-debug/I1_Node   build/x86_64-debug/src/I1_Node.o  

12:58:50 Build Finished. 0 errors, 4 warnings. (took 76ms)

